Línea 175: la clase GTMaskDate.GTMaskDate del control Msk_fecha_trasb no era una clase de control cargada.
Línea 713: la clase GTMaskNum.GTMaskNum del control GTM_peso no era una clase de control cargada.
Línea 872: la clase GTMaskNum.GTMaskNum del control GTM_bultos no era una clase de control cargada.
Línea 1031: la clase GTMaskNum.GTMaskNum del control GTM_volumen no era una clase de control cargada.
Línea 1200: la clase GTMaskNum.GTMaskNum del control GTM_seguro no era una clase de control cargada.
Línea 1437: la clase GTMaskNum.GTMaskNum del control GTM_flete_otros no era una clase de control cargada.
Línea 1516: la clase GTMaskNum.GTMaskNum del control GTM_flete no era una clase de control cargada.
Línea 1869: la clase GTMaskDate.GTMaskDate del control GTD_date no era una clase de control cargada.
Línea 1927: la clase GTMaskDate.GTMaskDate del control GTD_hora no era una clase de control cargada.
Línea 2001: la clase GTMaskNum.GTMaskNum del control GTM_peso_mal no era una clase de control cargada.
Línea 2062: la clase GTMaskNum.GTMaskNum del control GTM_bultos_mal no era una clase de control cargada.
Línea 2737: la clase GTMaskDate.GTMaskDate del control Msk_fecha_emb no era una clase de control cargada.
Línea 181: el nombre de la propiedad _Version de Msk_fecha_trasb no es válido.
Línea 182: el nombre de la propiedad _ExtentX de Msk_fecha_trasb no es válido.
Línea 183: el nombre de la propiedad _ExtentY de Msk_fecha_trasb no es válido.
Línea 184: el nombre de la propiedad _StockProps de Msk_fecha_trasb no es válido.
Línea 194: el nombre de la propiedad NullFont de Msk_fecha_trasb no es válido.
Línea 195: el nombre de la propiedad MaskCentury de Msk_fecha_trasb no es válido.
Línea 204: el nombre de la propiedad CalFont de Msk_fecha_trasb no es válido.
Línea 213: el nombre de la propiedad CalCaptionFont de Msk_fecha_trasb no es válido.
Línea 222: el nombre de la propiedad CalDayCaptionFont de Msk_fecha_trasb no es válido.
Línea 231: el nombre de la propiedad ToolTipFont de Msk_fecha_trasb no es válido.
Línea 719: el nombre de la propiedad _Version de GTM_peso no es válido.
Línea 720: el nombre de la propiedad _ExtentX de GTM_peso no es válido.
Línea 721: el nombre de la propiedad _ExtentY de GTM_peso no es válido.
Línea 722: el nombre de la propiedad _StockProps de GTM_peso no es válido.
Línea 732: el nombre de la propiedad NullFont de GTM_peso no es válido.
Línea 733: el nombre de la propiedad TabOnEnter de GTM_peso no es válido.
Línea 742: el nombre de la propiedad CalcDispFont de GTM_peso no es válido.
Línea 751: el nombre de la propiedad CalcBtnFont de GTM_peso no es válido.
Línea 760: el nombre de la propiedad CalcMemFont de GTM_peso no es válido.
Línea 761: el nombre de la propiedad MaskShowThousandSep de GTM_peso no es válido.
Línea 762: el nombre de la propiedad MaskType de GTM_peso no es válido.
Línea 763: el nombre de la propiedad DataType de GTM_peso no es válido.
Línea 772: el nombre de la propiedad ToolTipFont de GTM_peso no es válido.
Línea 878: el nombre de la propiedad _Version de GTM_bultos no es válido.
Línea 879: el nombre de la propiedad _ExtentX de GTM_bultos no es válido.
Línea 880: el nombre de la propiedad _ExtentY de GTM_bultos no es válido.
Línea 881: el nombre de la propiedad _StockProps de GTM_bultos no es válido.
Línea 891: el nombre de la propiedad NullFont de GTM_bultos no es válido.
Línea 892: el nombre de la propiedad TabOnEnter de GTM_bultos no es válido.
Línea 901: el nombre de la propiedad CalcDispFont de GTM_bultos no es válido.
Línea 910: el nombre de la propiedad CalcBtnFont de GTM_bultos no es válido.
Línea 919: el nombre de la propiedad CalcMemFont de GTM_bultos no es válido.
Línea 920: el nombre de la propiedad MaskShowThousandSep de GTM_bultos no es válido.
Línea 921: el nombre de la propiedad MaskType de GTM_bultos no es válido.
Línea 922: el nombre de la propiedad DataType de GTM_bultos no es válido.
Línea 931: el nombre de la propiedad ToolTipFont de GTM_bultos no es válido.
Línea 1037: el nombre de la propiedad _Version de GTM_volumen no es válido.
Línea 1038: el nombre de la propiedad _ExtentX de GTM_volumen no es válido.
Línea 1039: el nombre de la propiedad _ExtentY de GTM_volumen no es válido.
Línea 1040: el nombre de la propiedad _StockProps de GTM_volumen no es válido.
Línea 1050: el nombre de la propiedad NullFont de GTM_volumen no es válido.
Línea 1051: el nombre de la propiedad TabOnEnter de GTM_volumen no es válido.
Línea 1060: el nombre de la propiedad CalcDispFont de GTM_volumen no es válido.
Línea 1069: el nombre de la propiedad CalcBtnFont de GTM_volumen no es válido.
Línea 1078: el nombre de la propiedad CalcMemFont de GTM_volumen no es válido.
Línea 1079: el nombre de la propiedad MaskShowThousandSep de GTM_volumen no es válido.
Línea 1080: el nombre de la propiedad MaskType de GTM_volumen no es válido.
Línea 1081: el nombre de la propiedad DataType de GTM_volumen no es válido.
Línea 1090: el nombre de la propiedad ToolTipFont de GTM_volumen no es válido.
Línea 1206: el nombre de la propiedad _Version de GTM_seguro no es válido.
Línea 1207: el nombre de la propiedad _ExtentX de GTM_seguro no es válido.
Línea 1208: el nombre de la propiedad _ExtentY de GTM_seguro no es válido.
Línea 1209: el nombre de la propiedad _StockProps de GTM_seguro no es válido.
Línea 1219: el nombre de la propiedad NullFont de GTM_seguro no es válido.
Línea 1228: el nombre de la propiedad CalcDispFont de GTM_seguro no es válido.
Línea 1237: el nombre de la propiedad CalcBtnFont de GTM_seguro no es válido.
Línea 1246: el nombre de la propiedad CalcMemFont de GTM_seguro no es válido.
Línea 1247: el nombre de la propiedad MaskShowThousandSep de GTM_seguro no es válido.
Línea 1248: el nombre de la propiedad MaskType de GTM_seguro no es válido.
Línea 1249: el nombre de la propiedad DataType de GTM_seguro no es válido.
Línea 1258: el nombre de la propiedad ToolTipFont de GTM_seguro no es válido.
Línea 1443: el nombre de la propiedad _Version de GTM_flete_otros no es válido.
Línea 1444: el nombre de la propiedad _ExtentX de GTM_flete_otros no es válido.
Línea 1445: el nombre de la propiedad _ExtentY de GTM_flete_otros no es válido.
Línea 1446: el nombre de la propiedad _StockProps de GTM_flete_otros no es válido.
Línea 1456: el nombre de la propiedad NullFont de GTM_flete_otros no es válido.
Línea 1465: el nombre de la propiedad CalcDispFont de GTM_flete_otros no es válido.
Línea 1474: el nombre de la propiedad CalcBtnFont de GTM_flete_otros no es válido.
Línea 1483: el nombre de la propiedad CalcMemFont de GTM_flete_otros no es válido.
Línea 1484: el nombre de la propiedad MaskShowThousandSep de GTM_flete_otros no es válido.
Línea 1485: el nombre de la propiedad MaskType de GTM_flete_otros no es válido.
Línea 1486: el nombre de la propiedad DataType de GTM_flete_otros no es válido.
Línea 1495: el nombre de la propiedad ToolTipFont de GTM_flete_otros no es válido.
Línea 1522: el nombre de la propiedad _Version de GTM_flete no es válido.
Línea 1523: el nombre de la propiedad _ExtentX de GTM_flete no es válido.
Línea 1524: el nombre de la propiedad _ExtentY de GTM_flete no es válido.
Línea 1525: el nombre de la propiedad _StockProps de GTM_flete no es válido.
Línea 1535: el nombre de la propiedad NullFont de GTM_flete no es válido.
Línea 1536: el nombre de la propiedad TabOnEnter de GTM_flete no es válido.
Línea 1545: el nombre de la propiedad CalcDispFont de GTM_flete no es válido.
Línea 1554: el nombre de la propiedad CalcBtnFont de GTM_flete no es válido.
Línea 1563: el nombre de la propiedad CalcMemFont de GTM_flete no es válido.
Línea 1564: el nombre de la propiedad MaskShowThousandSep de GTM_flete no es válido.
Línea 1565: el nombre de la propiedad MaskType de GTM_flete no es válido.
Línea 1566: el nombre de la propiedad DataType de GTM_flete no es válido.
Línea 1575: el nombre de la propiedad ToolTipFont de GTM_flete no es válido.
Línea 1875: el nombre de la propiedad _Version de GTD_date no es válido.
Línea 1876: el nombre de la propiedad _ExtentX de GTD_date no es válido.
Línea 1877: el nombre de la propiedad _ExtentY de GTD_date no es válido.
Línea 1878: el nombre de la propiedad _StockProps de GTD_date no es válido.
Línea 1888: el nombre de la propiedad NullFont de GTD_date no es válido.
Línea 1889: el nombre de la propiedad MaskCentury de GTD_date no es válido.
Línea 1898: el nombre de la propiedad CalFont de GTD_date no es válido.
Línea 1907: el nombre de la propiedad CalCaptionFont de GTD_date no es válido.
Línea 1916: el nombre de la propiedad CalDayCaptionFont de GTD_date no es válido.
Línea 1925: el nombre de la propiedad ToolTipFont de GTD_date no es válido.
Línea 1933: el nombre de la propiedad _Version de GTD_hora no es válido.
Línea 1934: el nombre de la propiedad _ExtentX de GTD_hora no es válido.
Línea 1935: el nombre de la propiedad _ExtentY de GTD_hora no es válido.
Línea 1936: el nombre de la propiedad _StockProps de GTD_hora no es válido.
Línea 1946: el nombre de la propiedad NullFont de GTD_hora no es válido.
Línea 1947: el nombre de la propiedad Alignment de GTD_hora no es válido.
Línea 1948: el nombre de la propiedad MaskType de GTD_hora no es válido.
Línea 1949: el nombre de la propiedad MaskTimeSeparator de GTD_hora no es válido.
Línea 1950: el nombre de la propiedad Mask24HourTime de GTD_hora no es válido.
Línea 1951: el nombre de la propiedad MaskShowTimeMarker de GTD_hora no es válido.
Línea 1952: el nombre de la propiedad CalDropDown de GTD_hora no es válido.
Línea 1961: el nombre de la propiedad CalFont de GTD_hora no es válido.
Línea 1970: el nombre de la propiedad CalCaptionFont de GTD_hora no es válido.
Línea 1979: el nombre de la propiedad CalDayCaptionFont de GTD_hora no es válido.
Línea 1988: el nombre de la propiedad ToolTipFont de GTD_hora no es válido.
Línea 2007: el nombre de la propiedad _Version de GTM_peso_mal no es válido.
Línea 2008: el nombre de la propiedad _ExtentX de GTM_peso_mal no es válido.
Línea 2009: el nombre de la propiedad _ExtentY de GTM_peso_mal no es válido.
Línea 2010: el nombre de la propiedad _StockProps de GTM_peso_mal no es válido.
Línea 2020: el nombre de la propiedad NullFont de GTM_peso_mal no es válido.
Línea 2021: el nombre de la propiedad TabOnEnter de GTM_peso_mal no es válido.
Línea 2030: el nombre de la propiedad CalcDispFont de GTM_peso_mal no es válido.
Línea 2039: el nombre de la propiedad CalcBtnFont de GTM_peso_mal no es válido.
Línea 2048: el nombre de la propiedad CalcMemFont de GTM_peso_mal no es válido.
Línea 2049: el nombre de la propiedad MaskShowThousandSep de GTM_peso_mal no es válido.
Línea 2050: el nombre de la propiedad MaskType de GTM_peso_mal no es válido.
Línea 2051: el nombre de la propiedad DataType de GTM_peso_mal no es válido.
Línea 2060: el nombre de la propiedad ToolTipFont de GTM_peso_mal no es válido.
Línea 2068: el nombre de la propiedad _Version de GTM_bultos_mal no es válido.
Línea 2069: el nombre de la propiedad _ExtentX de GTM_bultos_mal no es válido.
Línea 2070: el nombre de la propiedad _ExtentY de GTM_bultos_mal no es válido.
Línea 2071: el nombre de la propiedad _StockProps de GTM_bultos_mal no es válido.
Línea 2081: el nombre de la propiedad NullFont de GTM_bultos_mal no es válido.
Línea 2082: el nombre de la propiedad TabOnEnter de GTM_bultos_mal no es válido.
Línea 2091: el nombre de la propiedad CalcDispFont de GTM_bultos_mal no es válido.
Línea 2100: el nombre de la propiedad CalcBtnFont de GTM_bultos_mal no es válido.
Línea 2109: el nombre de la propiedad CalcMemFont de GTM_bultos_mal no es válido.
Línea 2110: el nombre de la propiedad MaskShowThousandSep de GTM_bultos_mal no es válido.
Línea 2111: el nombre de la propiedad MaskType de GTM_bultos_mal no es válido.
Línea 2112: el nombre de la propiedad DataType de GTM_bultos_mal no es válido.
Línea 2121: el nombre de la propiedad ToolTipFont de GTM_bultos_mal no es válido.
Línea 2743: el nombre de la propiedad _Version de Msk_fecha_emb no es válido.
Línea 2744: el nombre de la propiedad _ExtentX de Msk_fecha_emb no es válido.
Línea 2745: el nombre de la propiedad _ExtentY de Msk_fecha_emb no es válido.
Línea 2746: el nombre de la propiedad _StockProps de Msk_fecha_emb no es válido.
Línea 2756: el nombre de la propiedad NullFont de Msk_fecha_emb no es válido.
Línea 2757: el nombre de la propiedad MaskCentury de Msk_fecha_emb no es válido.
Línea 2766: el nombre de la propiedad CalFont de Msk_fecha_emb no es válido.
Línea 2775: el nombre de la propiedad CalCaptionFont de Msk_fecha_emb no es válido.
Línea 2784: el nombre de la propiedad CalDayCaptionFont de Msk_fecha_emb no es válido.
Línea 2793: el nombre de la propiedad ToolTipFont de Msk_fecha_emb no es válido.
